###############################################################################
#
# IAR ELF Linker V9.20.4.327/W64 for ARM                  01/Oct/2022  00:13:04
# Copyright 2007-2022 IAR Systems AB.
#
#    Output file  =
#        D:\downloads\Other\projects\embedded\autosar_port\Debug\Exe\autosar_port.out
#    Map file     =
#        D:\downloads\Other\projects\embedded\autosar_port\Debug\List\autosar_port.map
#    Command line =
#        -f
#        D:\downloads\Other\projects\embedded\autosar_port\Debug\Exe\autosar_port.out.rsp
#        (D:\downloads\Other\projects\embedded\autosar_port\Debug\Obj\App.o
#        D:\downloads\Other\projects\embedded\autosar_port\Debug\Obj\Button.o
#        D:\downloads\Other\projects\embedded\autosar_port\Debug\Obj\cstartup_M.o
#        D:\downloads\Other\projects\embedded\autosar_port\Debug\Obj\Det.o
#        D:\downloads\Other\projects\embedded\autosar_port\Debug\Obj\Dio.o
#        D:\downloads\Other\projects\embedded\autosar_port\Debug\Obj\Dio_PBcfg.o
#        D:\downloads\Other\projects\embedded\autosar_port\Debug\Obj\Gpt.o
#        D:\downloads\Other\projects\embedded\autosar_port\Debug\Obj\Led.o
#        D:\downloads\Other\projects\embedded\autosar_port\Debug\Obj\main.o
#        D:\downloads\Other\projects\embedded\autosar_port\Debug\Obj\Os.o
#        D:\downloads\Other\projects\embedded\autosar_port\Debug\Obj\Port.o
#        D:\downloads\Other\projects\embedded\autosar_port\Debug\Obj\Port_PBcfg.o
#        --no_out_extension -o
#        D:\downloads\Other\projects\embedded\autosar_port\Debug\Exe\autosar_port.out
#        --redirect _Printf=_PrintfFullNoMb --redirect _Scanf=_ScanfFullNoMb
#        --map
#        D:\downloads\Other\projects\embedded\autosar_port\Debug\List\autosar_port.map
#        --config "C:\Program Files\IAR Systems\Embedded Workbench
#        9.0\arm\config\linker\TexasInstruments\TM4C123GH6.icf" --semihosting
#        --entry __iar_program_start --vfe --text_out locale)
#
###############################################################################

*******************************************************************************
*** RUNTIME MODEL ATTRIBUTES
***

CppFlavor       = *
__CPP_Runtime   = 1
__SystemLibrary = DLib
__dlib_version  = 6


*******************************************************************************
*** HEAP SELECTION
***

The basic heap was selected because some modules are built with
size limitations (and not runtime checking), and --advanced_heap
was not specified.


*******************************************************************************
*** PLACEMENT SUMMARY
***

"A0":  place at address 0x0 { ro section .intvec };
"P1":  place in [from 0x0 to 0x3'ffff] { ro };
define block CSTACK with size = 4K, alignment = 8 { };
define block HEAP with size = 8K, alignment = 8 { };
"P2":  place in [from 0x2000'0000 to 0x2000'7fff] {
          rw, block CSTACK, block HEAP };
initialize by copy { rw };

  Section            Kind         Address    Size  Object
  -------            ----         -------    ----  ------
"A0":                                        0x40
  .intvec            const            0x0    0x40  cstartup_M.o [1]
                                   - 0x40    0x40

"P1":                                       0xb74
  .text              ro code         0x40   0x534  Port.o [1]
  .text              ro code        0x574     0x2  Det.o [1]
  .text              ro code        0x576    0x3a  packbits_init_single.o [4]
  .text              ro code        0x5b0   0x244  Dio.o [1]
  .rodata            const          0x7f4   0x110  Port_PBcfg.o [1]
  .text              ro code        0x904    0xa0  Os.o [1]
  .text              ro code        0x9a4    0x54  App.o [1]
  .text              ro code        0x9f8    0x58  Gpt.o [1]
  .text              ro code        0xa50    0x70  Button.o [1]
  .text              ro code        0xac0    0x1e  Led.o [1]
  .text              ro code        0xade     0x2  cstartup_M.o [1]
  .text              ro code        0xae0    0x28  data_init.o [4]
  .text              ro code        0xb08    0x22  fpinit_M.o [3]
  .iar.init_table    const          0xb2c    0x10  - Linker created -
  .text              ro code        0xb3c     0x2  cstartup_M.o [1]
  .text              ro code        0xb40    0x1e  cmain.o [4]
  .text              ro code        0xb5e     0x4  low_level_init.o [2]
  .text              ro code        0xb62     0xa  main.o [1]
  .text              ro code        0xb6c     0x4  exit.o [2]
  .text              ro code        0xb70     0xa  cexit.o [4]
  .text              ro code        0xb7a     0x2  cstartup_M.o [1]
  .text              ro code        0xb7c    0x14  exit.o [5]
  .text              ro code        0xb90    0x10  cstartup_M.o [1]
  .rodata            const          0xba0     0x4  Dio_PBcfg.o [1]
  .text              ro code        0xba4     0x2  cstartup_M.o [1]
  .text              ro code        0xba6     0x2  cstartup_M.o [1]
  .text              ro code        0xba8     0x2  cstartup_M.o [1]
  .text              ro code        0xbaa     0x2  cstartup_M.o [1]
  .text              ro code        0xbac     0x2  cstartup_M.o [1]
  .rodata            const          0xbae     0x0  packbits_init_single.o [4]
  Initializer bytes  const          0xbae     0x6  <for P2-1>
                                  - 0xbb4   0xb74

"P2", part 1 of 2:                           0x15
  P2-1                        0x2000'0000    0x15  <Init block>
    .bss             inited   0x2000'0000     0x4  Dio.o [1]
    .bss             inited   0x2000'0004     0x4  Gpt.o [1]
    .bss             inited   0x2000'0008     0x4  Port.o [1]
    .data            inited   0x2000'000c     0x1  App.o [1]
    .data            inited   0x2000'000d     0x1  App.o [1]
    .data            inited   0x2000'000e     0x1  Button.o [1]
    .bss             inited   0x2000'000f     0x1  Button.o [1]
    .bss             inited   0x2000'0010     0x1  Button.o [1]
    .bss             inited   0x2000'0011     0x1  Dio.o [1]
    .bss             inited   0x2000'0012     0x1  Os.o [1]
    .bss             inited   0x2000'0013     0x1  Os.o [1]
    .bss             inited   0x2000'0014     0x1  Port.o [1]
                            - 0x2000'0015    0x15

"P2", part 2 of 2:                         0x1000
  CSTACK                      0x2000'0018  0x1000  <Block>
    CSTACK           uninit   0x2000'0018  0x1000  <Block tail>
                            - 0x2000'1018  0x1000

Unused ranges:

         From           To      Size
         ----           --      ----
        0xbb4     0x3'ffff  0x3'f44c
  0x2000'0015  0x2000'0017       0x3
  0x2000'1018  0x2000'7fff    0x6fe8


*******************************************************************************
*** INIT TABLE
***

          Address      Size
          -------      ----
Copy/packbits (__iar_packbits_init_single3)
    1 source range, total size 0x6 (28% of destination):
                0xbae   0x6
    1 destination range, total size 0x15:
          0x2000'0000  0x15



*******************************************************************************
*** MODULE SUMMARY
***

    Module                  ro code  ro data  rw data
    ------                  -------  -------  -------
command line/config:
    -------------------------------------------------
    Total:

D:\downloads\Other\projects\embedded\autosar_port\Debug\Obj: [1]
    App.o                        84        1        2
    Button.o                    112                 3
    Det.o                         2
    Dio.o                       580        2        5
    Dio_PBcfg.o                            4
    Gpt.o                        88        1        4
    Led.o                        30
    Os.o                        160                 2
    Port.o                    1'332        2        5
    Port_PBcfg.o                         272
    cstartup_M.o                 32       64
    main.o                       10
    -------------------------------------------------
    Total:                    2'430      346       21

dl7M_tln.a: [2]
    exit.o                        4
    low_level_init.o              4
    -------------------------------------------------
    Total:                        8

m7M_tls.a: [3]
    fpinit_M.o                   34
    -------------------------------------------------
    Total:                       34

rt7M_tl.a: [4]
    cexit.o                      10
    cmain.o                      30
    data_init.o                  40
    packbits_init_single.o       58
    -------------------------------------------------
    Total:                      138

shb_l.a: [5]
    exit.o                       20
    -------------------------------------------------
    Total:                       20

    Gaps                          2        2
    Linker created                        16    4'096
-----------------------------------------------------
    Grand Total:              2'632      364    4'117


*******************************************************************************
*** ENTRY LIST
***

Entry                       Address   Size  Type      Object
-----                       -------   ----  ----      ------
.iar.init_table$$Base         0xb2c          --   Gb  - Linker created -
.iar.init_table$$Limit        0xb3c          --   Gb  - Linker created -
?main                         0xb41         Code  Gb  cmain.o [4]
App_Task                      0x9c5   0x24  Code  Gb  App.o [1]
App_Task::button_current_state
                        0x2000'000d    0x1  Data  Lc  App.o [1]
App_Task::button_previous_state
                        0x2000'000c    0x1  Data  Lc  App.o [1]
BUTTON_getState               0xa51    0x6  Code  Gb  Button.o [1]
BUTTON_refreshState           0xa57   0x5e  Code  Gb  Button.o [1]
BUTTON_refreshState::g_Pressed_Count
                        0x2000'000f    0x1  Data  Lc  Button.o [1]
BUTTON_refreshState::g_Released_Count
                        0x2000'0010    0x1  Data  Lc  Button.o [1]
Button_Task                   0x9b5    0x8  Code  Gb  App.o [1]
CSTACK$$Base            0x2000'0018          --   Gb  - Linker created -
CSTACK$$Limit           0x2000'1018          --   Gb  - Linker created -
Det_ReportError               0x575    0x2  Code  Gb  Det.o [1]
Dio_Configuration             0xba0    0x4  Data  Gb  Dio_PBcfg.o [1]
Dio_FlipChannel               0x715   0xc0  Code  Gb  Dio.o [1]
Dio_Init                      0x5b1   0x20  Code  Gb  Dio.o [1]
Dio_PortChannels        0x2000'0000    0x4  Data  Lc  Dio.o [1]
Dio_ReadChannel               0x683   0x92  Code  Gb  Dio.o [1]
Dio_Status              0x2000'0011    0x1  Data  Lc  Dio.o [1]
Dio_WriteChannel              0x5d1   0xb2  Code  Gb  Dio.o [1]
Init_Task                     0x9a5   0x10  Code  Gb  App.o [1]
LED_refreshOutput             0xac1   0x14  Code  Gb  Led.o [1]
LED_toggle                    0xad5    0xa  Code  Gb  Led.o [1]
Led_Task                      0x9bd    0x8  Code  Gb  App.o [1]
Os_NewTimerTick               0x921   0x10  Code  Gb  Os.o [1]
Os_Scheduler                  0x931   0x6a  Code  Gb  Os.o [1]
Os_start                      0x905   0x1c  Code  Gb  Os.o [1]
Port_Configuration            0x7f4  0x110  Data  Gb  Port_PBcfg.o [1]
Port_Init                      0x41  0x50e  Code  Gb  Port.o [1]
Port_Status             0x2000'0014    0x1  Data  Lc  Port.o [1]
Region$$Table$$Base           0xb2c          --   Gb  - Linker created -
Region$$Table$$Limit          0xb3c          --   Gb  - Linker created -
SysTick_Handler               0x9f9   0x10  Code  Gb  Gpt.o [1]
SysTick_SetCallBack           0xa37    0x6  Code  Gb  Gpt.o [1]
SysTick_Start                 0xa09   0x2e  Code  Gb  Gpt.o [1]
__cmain                       0xb41         Code  Gb  cmain.o [4]
__exit                        0xb7d   0x14  Code  Gb  exit.o [5]
__iar_data_init3              0xae1   0x28  Code  Gb  data_init.o [4]
__iar_init_vfp                0xb09         Code  Gb  fpinit_M.o [3]
__iar_packbits_init_single3
                              0x577   0x3a  Code  Gb  packbits_init_single.o [4]
__iar_program_start           0xb91   0x10  Code  Gb  cstartup_M.o [1]
__low_level_init              0xb5f    0x4  Code  Gb  low_level_init.o [2]
__vector_table                  0x0   0x40  Data  Gb  cstartup_M.o [1]
_call_main                    0xb4d         Code  Gb  cmain.o [4]
_exit                         0xb71         Code  Gb  cexit.o [4]
channels                0x2000'0008    0x4  Data  Lc  Port.o [1]
exit                          0xb6d    0x4  Code  Gb  exit.o [2]
g_New_Time_Tick_Flag    0x2000'0013    0x1  Data  Lc  Os.o [1]
g_SysTick_Call_Back_Ptr
                        0x2000'0004    0x4  Data  Lc  Gpt.o [1]
g_Time_Tick_Count       0x2000'0012    0x1  Data  Lc  Os.o [1]
g_button_state          0x2000'000e    0x1  Data  Lc  Button.o [1]
main                          0xb63    0xa  Code  Gb  main.o [1]


[1] = D:\downloads\Other\projects\embedded\autosar_port\Debug\Obj
[2] = dl7M_tln.a
[3] = m7M_tls.a
[4] = rt7M_tl.a
[5] = shb_l.a

  2'632 bytes of readonly  code memory
    364 bytes of readonly  data memory
  4'117 bytes of readwrite data memory

Errors: none
Warnings: none
